// Jest Snapshot v1, https://goo.gl/fbAQLP

exports[`Renders ProductModal Component Should return Footer DOM 1`] = `
<div>
  <div
    class="productModal"
  >
    <div
      class="describe"
    >
      <h3>
        project1
      </h3>
      <div>
        Lorem ipsum dolor sit amet consectetur, adipisicing elit. Modi, voluptate.Lorem ipsum dolor sit amet consectetur, adipisicing elit. Modi, voluptate.Lorem ipsum dolor sit amet consectetur, adipisicing elit. Modi, voluptate.Lorem ipsum dolor sit amet consectetur, adipisicing elit. Modi, voluptate.Lorem ipsum dolor sit amet consectetur, adipisicing elit. Modi, voluptate.
      </div>
    </div>
    <ul>
      <li>
        <img
          alt="project1"
          sizes="(max-width: 1920px) 100vw, 1920px"
          src="https://fakeimg.pl/1820x1213/195c86/"
          srcset="https://fakeimg.pl/480x320/195c86/ 480w, https://fakeimg.pl/1004x669/195c86/ 1004w, https://fakeimg.pl/1372x915/195c86/ 1372w, https://fakeimg.pl/1820x1213/195c86/ 1820w"
        />
      </li>
      <li>
        <img
          alt="project1"
          sizes="(max-width: 1920px) 100vw, 1920px"
          src="https://fakeimg.pl/1820x1213/195c86/"
          srcset="https://fakeimg.pl/480x320/195c86/ 480w, https://fakeimg.pl/1004x669/195c86/ 1004w, https://fakeimg.pl/1372x915/195c86/ 1372w, https://fakeimg.pl/1820x1213/195c86/ 1820w"
        />
      </li>
      <li>
        <img
          alt="project1"
          sizes="(max-width: 1920px) 100vw, 1920px"
          src="https://fakeimg.pl/1820x1213/195c86/"
          srcset="https://fakeimg.pl/480x320/195c86/ 480w, https://fakeimg.pl/1004x669/195c86/ 1004w, https://fakeimg.pl/1372x915/195c86/ 1372w, https://fakeimg.pl/1820x1213/195c86/ 1820w"
        />
      </li>
    </ul>
  </div>
</div>
`;

exports[`Renders ProductModal Component Should return ProductModal DOM 1`] = `
<div>
  <div
    class="productModal"
  >
    <div
      class="describe"
    >
      <h3>
        project1
      </h3>
      <div>
        Lorem ipsum dolor sit amet consectetur, adipisicing elit. Modi, voluptate.Lorem ipsum dolor sit amet consectetur, adipisicing elit. Modi, voluptate.Lorem ipsum dolor sit amet consectetur, adipisicing elit. Modi, voluptate.Lorem ipsum dolor sit amet consectetur, adipisicing elit. Modi, voluptate.Lorem ipsum dolor sit amet consectetur, adipisicing elit. Modi, voluptate.
      </div>
    </div>
    <ul>
      <li>
        <img
          alt="project1"
          sizes="(max-width: 1920px) 100vw, 1920px"
          src="https://fakeimg.pl/1820x1213/195c86/"
          srcset="https://fakeimg.pl/480x320/195c86/ 480w, https://fakeimg.pl/1004x669/195c86/ 1004w, https://fakeimg.pl/1372x915/195c86/ 1372w, https://fakeimg.pl/1820x1213/195c86/ 1820w"
        />
      </li>
      <li>
        <img
          alt="project1"
          sizes="(max-width: 1920px) 100vw, 1920px"
          src="https://fakeimg.pl/1820x1213/195c86/"
          srcset="https://fakeimg.pl/480x320/195c86/ 480w, https://fakeimg.pl/1004x669/195c86/ 1004w, https://fakeimg.pl/1372x915/195c86/ 1372w, https://fakeimg.pl/1820x1213/195c86/ 1820w"
        />
      </li>
      <li>
        <img
          alt="project1"
          sizes="(max-width: 1920px) 100vw, 1920px"
          src="https://fakeimg.pl/1820x1213/195c86/"
          srcset="https://fakeimg.pl/480x320/195c86/ 480w, https://fakeimg.pl/1004x669/195c86/ 1004w, https://fakeimg.pl/1372x915/195c86/ 1372w, https://fakeimg.pl/1820x1213/195c86/ 1820w"
        />
      </li>
    </ul>
  </div>
</div>
`;
