// Jest Snapshot v1, https://goo.gl/fbAQLP

exports[`Renders Products Component should return Products DOM 1`] = `
<div>
  <div
    class="products"
    id="products"
  >
    <h2>
      My 
      <span>
        Works
      </span>
    </h2>
    <ul>
      <li>
        <button
          aria-label="buttonForImage"
          class="test"
          tabindex=""
          type="button"
        >
          <div
            class="wrap"
          >
            <img
              alt="project1"
              sizes="(max-width: 1920px) 100vw, 1920px"
              src="https://fakeimg.pl/1820x1213/195c86/"
              srcset="https://fakeimg.pl/480x320/195c86/ 480w, https://fakeimg.pl/1004x669/195c86/ 1004w, https://fakeimg.pl/1372x915/195c86/ 1372w, https://fakeimg.pl/1820x1213/195c86/ 1820w"
            />
          </div>
        </button>
        <article>
          <h3>
            <button
              aria-label="buttonForTitle"
              tabindex=""
              type="button"
            >
              project1
            </button>
          </h3>
          <p>
            Lorem ipsum dolor sit amet consectetur adipisicing elit. Perspiciatis reprehenderit adipisci tenetur, rerum impedit ex atque fugiat repudiandae ad ipsum temporibus totam! Repudiandae iure nisi quidem unde laudantium, totam nobis!
          </p>
          <div
            class="link"
          >
            <a
              href="#live"
              tabindex=""
              target="_blank"
            >
              Live
              <img
                alt="(opens in new tab)"
                src="open-in-new-icon.png"
              />
            </a>
            <a
              href="#source"
              tabindex=""
              target="_blank"
            >
              Source
              <img
                alt="(opens in new tab)"
                src="github-icon.png"
              />
            </a>
          </div>
        </article>
      </li>
      <li>
        <button
          aria-label="buttonForImage"
          class="test"
          tabindex=""
          type="button"
        >
          <div
            class="wrap"
          >
            <img
              alt="project2"
              sizes="(max-width: 1920px) 100vw, 1920px"
              src="https://fakeimg.pl/1820x1213/195c86/"
              srcset="https://fakeimg.pl/480x320/195c86/ 480w, https://fakeimg.pl/1004x669/195c86/ 1004w, https://fakeimg.pl/1372x915/195c86/ 1372w, https://fakeimg.pl/1820x1213/195c86/ 1820w"
            />
          </div>
        </button>
        <article>
          <h3>
            <button
              aria-label="buttonForTitle"
              tabindex=""
              type="button"
            >
              project2
            </button>
          </h3>
          <p>
            Lorem ipsum dolor sit amet consectetur adipisicing elit. Perspiciatis reprehenderit adipisci tenetur, rerum impedit ex atque fugiat repudiandae ad ipsum temporibus totam! Repudiandae iure nisi quidem unde laudantium, totam nobis!
          </p>
          <div
            class="link"
          >
            <a
              href="#live"
              tabindex=""
              target="_blank"
            >
              Live
              <img
                alt="(opens in new tab)"
                src="open-in-new-icon.png"
              />
            </a>
            <a
              href="#source"
              tabindex=""
              target="_blank"
            >
              Source
              <img
                alt="(opens in new tab)"
                src="github-icon.png"
              />
            </a>
          </div>
        </article>
      </li>
    </ul>
  </div>
</div>
`;
